DIALS (2018) Acta Cryst. D74, 85-97. https://doi.org/10.1107/S2059798317017235
DIALS 3.30
The following parameters have been modified:
integration {
  mp {
    nproc = 2
  }
}
input {
  experiments = refined.expt
  reflections = refined.refl
}


================================================================================

Experiments

Models for experiment 0

Beam:
    probe: x-ray
    wavelength: 1.0332
    sample to source direction : {-0.0121746,-0,0.999926}
    divergence: 0
    sigma divergence: 0
    polarization normal: {0,1,0}
    polarization fraction: 0.999
    flux: 0
    transmission: 1
    sample to source distance: 0

Detector:
Panel:
  name: Panel
  type: SENSOR_PAD
  identifier: 
  pixel_size:{0.172,0.172}
  image_size: {2463,2527}
  trusted_range: {0,75337}
  thickness: 0.32
  material: Si
  mu: 4.63023
  gain: 1
  pedestal: 0
  fast_axis: {0.99908,0.0417855,0.00965484}
  slow_axis: {0.0418058,-0.999124,-0.00191109}
  origin: {-223.127,204.248,-200.682}
  distance: 199.01
  pixel to millimeter strategy: ParallaxCorrectedPxMmStrategy
    mu: 4.63023
    t0: 0.32

Goniometer:
    Rotation axis:   {1,0,0}
    Fixed rotation:  {1,0,0,0,1,0,0,0,1}
    Setting rotation:{1,0,0,0,1,0,0,0,1}

Scan:
    number of images:   60
    image range:   {1,60}
    epoch:    1.58612e+09
    exposure time:    0.04
    oscillation:   {0,0.2}

Crystal:
    Unit cell: 44.54(6), 53.07(5), 62.53(9), 115.36(3), 101.67(5), 89.87(3)
    Space group: P 1
    U matrix:  {{-0.046960,  0.998746, -0.017356},
                { 0.741636,  0.046501,  0.669188},
                { 0.669156,  0.018553, -0.742890}}
    B matrix:  {{ 0.022452,  0.000000,  0.000000},
                {-0.000050,  0.018842,  0.000000},
                { 0.005131,  0.009150,  0.018153}}
    A = UB:    {{-0.001193,  0.018660, -0.000315},
                { 0.020082,  0.007000,  0.012148},
                { 0.011212, -0.006448, -0.013486}}
    A sampled at 61 scan points

================================================================================

Initialising
Processing reference reflections
 read 1566 strong spots
 removing 630 unindexed reflections
 removing 248 reflections marked as bad for refinement
 using 688 indexed reflections
 found 878 junk reflections
 masked neighbouring pixels in 311 shoeboxes

================================================================================

Predicting reflections
Prediction type: scan varying crystal prediction
Predicted 22724 reflections
Matching reference spots with predicted reflections
 688 observed reflections input
 22724 reflections predicted
 688 reflections matched
 688 reflections accepted
Using 688 / 688 reflections for sigma calculation
Calculating E.S.D Beam Divergence.
Calculating E.S.D Reflecting Range (mosaicity).
 sigma b: 0.096678 degrees
 sigma m: 0.362140 degrees
================================================================================

Processing reflections

 Processing the following experiments:

 Experiments: 1
 Beams:       1
 Detectors:   1
 Goniometers: 1
 Scans:       1
 Crystals:    1
 Imagesets:   1

================================================================================

Modelling reflection profiles

 Split 6 reflections overlapping job boundaries

Memory situation report:
  Available system memory                           : 82418.1 MB
  Maximum memory for processing                     : 65934.5 MB
  Current memory usage                              : 307.9 MB
  Memory required for shoeboxes                     :  33.5 MB
  Memory required per process                       : 341.3 MB

Processing reflections in the following blocks of images:

 block_size: Auto 

+-----+---------+--------------+------------+--------------+------------+-----------------+
|   # |   Group |   Frame From |   Frame To |   Angle From |   Angle To |   # Reflections |
|-----+---------+--------------+------------+--------------+------------+-----------------|
|   0 |       0 |            1 |         40 |            0 |          8 |             369 |
|   1 |       0 |           21 |         60 |            4 |         12 |             325 |
+-----+---------+--------------+------------+--------------+------------+-----------------+

 Using multiprocessing with 2 parallel job(s)


 Frames: 1 -> 40

 Number of reflections
  Partial:     98
  Full:        271
  In ice ring: 0
  Total:       369


 Frames: 21 -> 60

 Number of reflections
  Partial:     70
  Full:        255
  In ice ring: 0
  Total:       325


 Summary of profile model
+------+-----------+-----------+----------+----------+----------+-----------------+
|   ID |   Profile | Created   |   X (px) |   Y (px) |   Z (im) |   # reflections |
|------+-----------+-----------+----------+----------+----------+-----------------|
|    0 |         0 | True      |    410.5 |   421.17 |       10 |             355 |
|    0 |         1 | True      |   1231.5 |   421.17 |       10 |             356 |
|    0 |         2 | True      |   2052.5 |   421.17 |       10 |             356 |
|    0 |         3 | True      |    410.5 |  1263.5  |       10 |             356 |
|    0 |         4 | True      |   1231.5 |  1263.5  |       10 |             357 |
|    0 |         5 | True      |   2052.5 |  1263.5  |       10 |             357 |
|    0 |         6 | True      |    410.5 |  2105.83 |       10 |             277 |
|    0 |         7 | True      |   1231.5 |  2105.83 |       10 |             278 |
|    0 |         8 | True      |   2052.5 |  2105.83 |       10 |             278 |
|    0 |         9 | True      |    410.5 |   421.17 |       30 |             493 |
|    0 |        10 | True      |   1231.5 |   421.17 |       30 |             494 |
|    0 |        11 | True      |   2052.5 |   421.17 |       30 |             494 |
|    0 |        12 | True      |    410.5 |  1263.5  |       30 |             496 |
|    0 |        13 | True      |   1231.5 |  1263.5  |       30 |             497 |
|    0 |        14 | True      |   2052.5 |  1263.5  |       30 |             497 |
|    0 |        15 | True      |    410.5 |  2105.83 |       30 |             393 |
|    0 |        16 | True      |   1231.5 |  2105.83 |       30 |             394 |
|    0 |        17 | True      |   2052.5 |  2105.83 |       30 |             394 |
|    0 |        18 | True      |    410.5 |   421.17 |       50 |             341 |
|    0 |        19 | True      |   1231.5 |   421.17 |       50 |             341 |
|    0 |        20 | True      |   2052.5 |   421.17 |       50 |             341 |
|    0 |        21 | True      |    410.5 |  1263.5  |       50 |             344 |
|    0 |        22 | True      |   1231.5 |  1263.5  |       50 |             344 |
|    0 |        23 | True      |   2052.5 |  1263.5  |       50 |             344 |
|    0 |        24 | True      |    410.5 |  2105.83 |       50 |             270 |
|    0 |        25 | True      |   1231.5 |  2105.83 |       50 |             270 |
|    0 |        26 | True      |   2052.5 |  2105.83 |       50 |             270 |
+------+-----------+-----------+----------+----------+----------+-----------------+


Timing information for reference profile formation
+-------------------+--------------+
| Read time         | 0.58 seconds |
| Extract time      | 0.01 seconds |
| Pre-process time  | 0.00 seconds |
| Process time      | 0.39 seconds |
| Post-process time | 0.00 seconds |
| Total time        | 1.01 seconds |
+-------------------+--------------+

================================================================================

Integrating reflections

 Split 388 reflections overlapping job boundaries

Memory situation report:
  Available system memory                           : 82418.1 MB
  Maximum memory for processing                     : 65934.5 MB
  Current memory usage                              : 321.0 MB
  Memory required for shoeboxes                     : 3011.4 MB
  Memory required per process                       : 3332.4 MB

Processing reflections in the following blocks of images:

 block_size: Auto 

+-----+---------+--------------+------------+--------------+------------+-----------------+
|   # |   Group |   Frame From |   Frame To |   Angle From |   Angle To |   # Reflections |
|-----+---------+--------------+------------+--------------+------------+-----------------|
|   0 |       0 |            1 |         56 |          0   |       11.2 |           13757 |
|   1 |       0 |           29 |         60 |          5.6 |       12   |            9303 |
+-----+---------+--------------+------------+--------------+------------+-----------------+

 Using multiprocessing with 2 parallel job(s)


 Frames: 0 -> 56

 Number of reflections
  Partial:     4387
  Full:        9370
  In ice ring: 0
  Integrate:   13757
  Total:       13757


 Frames: 28 -> 60

 Number of reflections
  Partial:     4289
  Full:        5014
  In ice ring: 0
  Integrate:   9303
  Total:       9303


 Summary vs image number
+------+---------+----------+----------+----------+---------+---------+---------+-------+----------+----------+----------+-----------+
|   ID |   Image |   # full |   # part |   # over |   # ice |   # sum |   # prf |   Ibg |   I/sigI |   I/sigI |   CC prf |   RMSD XY |
|      |         |          |          |          |         |         |         |       |    (sum) |    (prf) |          |           |
|------+---------+----------+----------+----------+---------+---------+---------+-------+----------+----------+----------+-----------|
|    0 |       1 |        0 |     1944 |        0 |       0 |    1511 |     276 |  1.29 |     0.72 |     2.1  |     0.93 |      0.33 |
|    0 |       2 |        0 |      338 |        0 |       0 |     262 |     289 |  1.18 |     1.45 |     1.78 |     0.93 |      0.25 |
|    0 |       3 |        0 |      340 |        0 |       0 |     263 |     294 |  1.35 |     1.73 |     2.05 |     0.93 |      0.26 |
|    0 |       4 |        0 |      304 |        0 |       0 |     225 |     257 |  1.3  |     1.68 |     1.8  |     0.93 |      0.23 |
|    0 |       5 |        0 |      318 |        0 |       0 |     246 |     278 |  1.31 |     1.76 |     1.69 |     0.93 |      0.23 |
|    0 |       6 |       76 |      241 |        0 |       0 |     241 |     273 |  1.35 |     1.43 |     1.53 |     0.93 |      0.21 |
|    0 |       7 |      186 |      124 |        0 |       0 |     245 |     271 |  1.32 |     1.32 |     1.5  |     0.93 |      0.2  |
|    0 |       8 |      231 |      108 |        0 |       0 |     271 |     291 |  1.24 |     1.27 |     1.17 |     0.93 |      0.21 |
|    0 |       9 |      260 |       74 |        0 |       0 |     252 |     281 |  1.21 |     1.39 |     1.27 |     0.93 |      0.22 |
|    0 |      10 |      271 |       56 |        0 |       0 |     240 |     268 |  1.18 |     2.12 |     2.18 |     0.93 |      0.2  |
|    0 |      11 |      303 |       49 |        0 |       0 |     279 |     306 |  1.14 |     0.98 |     0.98 |     0.93 |      0.21 |
|    0 |      12 |      295 |       36 |        0 |       0 |     256 |     291 |  1.26 |     1.59 |     1.47 |     0.93 |      0.2  |
|    0 |      13 |      286 |       24 |        0 |       0 |     242 |     267 |  1.1  |     0.85 |     0.87 |     0.93 |      0.22 |
|    0 |      14 |      305 |       23 |        0 |       0 |     264 |     284 |  1.34 |     1.36 |     1.17 |     0.93 |      0.2  |
|    0 |      15 |      300 |       14 |        0 |       0 |     234 |     264 |  1.3  |     2.06 |     1.77 |     0.93 |      0.21 |
|    0 |      16 |      282 |       20 |        0 |       0 |     246 |     263 |  1.36 |     2.03 |     2    |     0.93 |      0.2  |
|    0 |      17 |      292 |       16 |        0 |       0 |     228 |     268 |  1.38 |     1.38 |     1.19 |     0.93 |      0.21 |
|    0 |      18 |      333 |       29 |        0 |       0 |     282 |     304 |  1.15 |     1.23 |     1.11 |     0.93 |      0.2  |
|    0 |      19 |      310 |       13 |        0 |       0 |     246 |     283 |  1.21 |     1.2  |     1.18 |     0.93 |      0.21 |
|    0 |      20 |      325 |       13 |        0 |       0 |     271 |     297 |  1.27 |     1.67 |     1.57 |     0.93 |      0.19 |
|    0 |      21 |      353 |       14 |        0 |       0 |     277 |     315 |  1.14 |     1.28 |     1.06 |     0.93 |      0.2  |
|    0 |      22 |      298 |       10 |        0 |       0 |     240 |     264 |  1.23 |     0.95 |     1.04 |     0.93 |      0.2  |
|    0 |      23 |      306 |       11 |        0 |       0 |     254 |     281 |  1.21 |     1.19 |     0.97 |     0.93 |      0.2  |
|    0 |      24 |      313 |        6 |        0 |       0 |     247 |     280 |  1.42 |     1.53 |     1.5  |     0.94 |      0.21 |
|    0 |      25 |      312 |       11 |        0 |       0 |     246 |     272 |  1.34 |     1.68 |     1.81 |     0.93 |      0.2  |
|    0 |      26 |      289 |       14 |        0 |       0 |     236 |     256 |  1.33 |     1.5  |     1.55 |     0.93 |      0.23 |
|    0 |      27 |      333 |        4 |        0 |       0 |     268 |     293 |  1.22 |     1.36 |     1.39 |     0.93 |      0.2  |
|    0 |      28 |      320 |       13 |        0 |       0 |     264 |     287 |  1.14 |     1.21 |     1.27 |     0.93 |      0.21 |
|    0 |      29 |      303 |        4 |        0 |       0 |     237 |     263 |  1.13 |     0.74 |     0.88 |     0.93 |      0.2  |
|    0 |      30 |      349 |       16 |        0 |       0 |     290 |     304 |  1.25 |     1.02 |     1.11 |     0.93 |      0.21 |
|    0 |      31 |      354 |       12 |        0 |       0 |     278 |     306 |  1.13 |     1.17 |     1.12 |     0.93 |      0.19 |
|    0 |      32 |      294 |       15 |        0 |       0 |     230 |     250 |  1.28 |     1.32 |     1.29 |     0.94 |      0.21 |
|    0 |      33 |      319 |       16 |        0 |       0 |     261 |     276 |  1.37 |     1.39 |     1.4  |     0.93 |      0.22 |
|    0 |      34 |      298 |       24 |        0 |       0 |     253 |     268 |  1.31 |     1.37 |     1.41 |     0.93 |      0.21 |
|    0 |      35 |      322 |       15 |        0 |       0 |     257 |     284 |  1.35 |     1.42 |     1.53 |     0.93 |      0.2  |
|    0 |      36 |      295 |       24 |        0 |       0 |     241 |     259 |  1.29 |     1.6  |     1.56 |     0.93 |      0.2  |
|    0 |      37 |      337 |       19 |        0 |       0 |     266 |     289 |  1.27 |     1.52 |     1.8  |     0.93 |      0.2  |
|    0 |      38 |      276 |       22 |        0 |       0 |     233 |     248 |  1.23 |     1.32 |     1.32 |     0.93 |      0.22 |
|    0 |      39 |      334 |       14 |        0 |       0 |     263 |     282 |  1.06 |     0.88 |     0.88 |     0.93 |      0.21 |
|    0 |      40 |      352 |       18 |        0 |       0 |     283 |     307 |  1.22 |     1.29 |     1.4  |     0.93 |      0.2  |
|    0 |      41 |      346 |       26 |        0 |       0 |     293 |     305 |  1.19 |     1.04 |     1.2  |     0.93 |      0.21 |
|    0 |      42 |      301 |       25 |        0 |       0 |     253 |     269 |  1.41 |     1.72 |     1.69 |     0.93 |      0.22 |
|    0 |      43 |      264 |       46 |        0 |       0 |     243 |     249 |  1.25 |     0.78 |     0.9  |     0.93 |      0.21 |
|    0 |      44 |      281 |       40 |        0 |       0 |     258 |     264 |  1.18 |     0.92 |     1.12 |     0.93 |      0.2  |
|    0 |      45 |      274 |       25 |        0 |       0 |     241 |     254 |  1.34 |     1.22 |     1.24 |     0.93 |      0.2  |
|    0 |      46 |      303 |       36 |        0 |       0 |     256 |     277 |  1.28 |     1.63 |     1.44 |     0.93 |      0.2  |
|    0 |      47 |      338 |       43 |        0 |       0 |     293 |     314 |  1.1  |     0.75 |     0.76 |     0.93 |      0.19 |
|    0 |      48 |      292 |       35 |        0 |       0 |     238 |     266 |  1.32 |     1.57 |     1.67 |     0.94 |      0.2  |
|    0 |      49 |      331 |       37 |        0 |       0 |     297 |     316 |  1.48 |     2.06 |     2.09 |     0.94 |      0.2  |
|    0 |      50 |      289 |       56 |        0 |       0 |     267 |     289 |  1.21 |     1.37 |     1.36 |     0.93 |      0.22 |
|    0 |      51 |      310 |       65 |        0 |       0 |     300 |     314 |  1.26 |     0.84 |     0.94 |     0.93 |      0.2  |
|    0 |      52 |      218 |       70 |        0 |       0 |     225 |     242 |  1.25 |     1.2  |     1.11 |     0.93 |      0.21 |
|    0 |      53 |      202 |       94 |        0 |       0 |     229 |     255 |  1.23 |     1.04 |     0.86 |     0.93 |      0.2  |
|    0 |      54 |      158 |      157 |        0 |       0 |     238 |     256 |  1.37 |     0.79 |     0.92 |     0.94 |      0.22 |
|    0 |      55 |       65 |      271 |        0 |       0 |     263 |     292 |  1.28 |     1.26 |     1.44 |     0.93 |      0.22 |
|    0 |      56 |        0 |      350 |        0 |       0 |     272 |     301 |  1.25 |     1.4  |     1.39 |     0.93 |      0.23 |
|    0 |      57 |        0 |      338 |        0 |       0 |     265 |     285 |  1.14 |     1.15 |     1.29 |     0.93 |      0.24 |
|    0 |      58 |        0 |      336 |        0 |       0 |     271 |     285 |  1.23 |     1.22 |     1.32 |     0.93 |      0.25 |
|    0 |      59 |        0 |      344 |        0 |       0 |     260 |     284 |  1.49 |     2.72 |     3.4  |     0.93 |      0.26 |
|    0 |      60 |        0 |      293 |        0 |       0 |     230 |     258 |  1.3  |     1.31 |     2.54 |     0.93 |      0.3  |
+------+---------+----------+----------+----------+---------+---------+---------+-------+----------+----------+----------+-----------+

 Summary vs resolution
+------+---------+----------+----------+----------+---------+---------+---------+-------+----------+----------+----------+-----------+
|   ID |   d min |   # full |   # part |   # over |   # ice |   # sum |   # prf |   Ibg |   I/sigI |   I/sigI |   CC prf |   RMSD XY |
|      |         |          |          |          |         |         |         |       |    (sum) |    (prf) |          |           |
|------+---------+----------+----------+----------+---------+---------+---------+-------+----------+----------+----------+-----------|
|    0 |    1.09 |       28 |       15 |        0 |       0 |      17 |      30 |  0.14 |    -0.3  |    -0.21 |     0.86 |      0.46 |
|    0 |    1.11 |       82 |       45 |        0 |       0 |      67 |      94 |  0.16 |    -0.26 |     0.03 |     0.87 |      0.3  |
|    0 |    1.13 |      150 |       82 |        0 |       0 |     148 |     176 |  0.19 |    -0.41 |    -0.04 |     0.88 |      0.31 |
|    0 |    1.15 |      231 |      119 |        0 |       0 |     241 |     269 |  0.21 |    -0.14 |    -0.03 |     0.88 |      0.29 |
|    0 |    1.17 |      311 |      161 |        0 |       0 |     321 |     338 |  0.24 |    -0.06 |    -0.02 |     0.89 |      0.26 |
|    0 |    1.2  |      411 |      224 |        0 |       0 |     427 |     471 |  0.28 |    -0.27 |    -0.05 |     0.9  |      0.29 |
|    0 |    1.23 |      558 |      314 |        0 |       0 |     634 |     631 |  0.33 |     0.11 |     0.02 |     0.91 |      0.21 |
|    0 |    1.26 |      777 |      443 |        0 |       0 |     911 |     898 |  0.39 |    -0.01 |    -0    |     0.92 |      0.21 |
|    0 |    1.29 |      943 |      575 |        0 |       0 |    1195 |    1109 |  0.43 |     0.07 |     0.04 |     0.92 |      0.2  |
|    0 |    1.33 |      961 |      600 |        0 |       0 |    1202 |    1134 |  0.47 |     0.04 |     0.03 |     0.92 |      0.21 |
|    0 |    1.37 |      941 |      609 |        0 |       0 |    1137 |    1067 |  0.51 |    -0.06 |     0.04 |     0.92 |      0.21 |
|    0 |    1.42 |      977 |      606 |        0 |       0 |    1223 |    1148 |  0.59 |    -0.03 |     0.03 |     0.93 |      0.2  |
|    0 |    1.48 |      971 |      598 |        0 |       0 |    1297 |    1174 |  0.66 |    -0.04 |     0.05 |     0.93 |      0.2  |
|    0 |    1.54 |      996 |      616 |        0 |       0 |    1223 |    1122 |  0.74 |     0.03 |     0.12 |     0.93 |      0.2  |
|    0 |    1.63 |      980 |      613 |        0 |       0 |    1198 |    1111 |  0.86 |     0.05 |     0.14 |     0.94 |      0.22 |
|    0 |    1.73 |     1007 |      618 |        0 |       0 |    1354 |    1190 |  1.07 |     0.03 |     0.24 |     0.94 |      0.24 |
|    0 |    1.86 |     1001 |      617 |        0 |       0 |    1249 |    1160 |  1.53 |     0.6  |     0.59 |     0.96 |      0.24 |
|    0 |    2.05 |     1001 |      617 |        0 |       0 |    1349 |    1199 |  2.08 |     1.09 |     1.11 |     0.96 |      0.24 |
|    0 |    2.34 |     1017 |      621 |        0 |       0 |    1351 |    1193 |  2.6  |     2.15 |     2.5  |     0.97 |      0.24 |
|    0 |    2.95 |     1041 |      635 |        0 |       0 |    1393 |    1250 |  5.39 |    12.29 |    14.45 |     0.95 |      0.34 |
+------+---------+----------+----------+----------+---------+---------+---------+-------+----------+----------+----------+-----------+

 Summary for experiment 0
+---------------------------------------+-----------+---------+--------+
| Item                                  |   Overall |     Low |   High |
|---------------------------------------+-----------+---------+--------|
| dmin                                  |      1.09 |    2.95 |   1.09 |
| dmax                                  |     30.93 |   30.93 |   1.11 |
| number fully recorded                 |  14384    | 1041    |  28    |
| number partially recorded             |   8728    |  635    |  15    |
| number with invalid background pixels |  10502    |  495    |  43    |
| number with invalid foreground pixels |   5123    |  279    |  26    |
| number with overloaded pixels         |      0    |    0    |   0    |
| number in powder rings                |      0    |    0    |   0    |
| number processed with summation       |  17937    | 1393    |  17    |
| number processed with profile fitting |  16764    | 1250    |  30    |
| number failed in background modelling |      0    |    0    |   0    |
| number failed in summation            |   5123    |  279    |  26    |
| number failed in profile fitting      |   6296    |  422    |  13    |
| ibg                                   |      1.26 |    5.39 |   0.14 |
| i/sigi (summation)                    |      1.24 |   12.29 |  -0.3  |
| i/sigi (profile fitting)              |      1.42 |   14.45 |  -0.21 |
| cc prf                                |      0.93 |    0.95 |   0.86 |
| cc_pearson sum/prf                    |      0.84 |    0.85 |   0.43 |
| cc_spearman sum/prf                   |      0.63 |    0.96 |   0.47 |
+---------------------------------------+-----------+---------+--------+

Timing information for integration
+-------------------+---------------+
| Read time         | 0.69 seconds  |
| Extract time      | 0.88 seconds  |
| Pre-process time  | 0.01 seconds  |
| Process time      | 20.62 seconds |
| Post-process time | 0.00 seconds  |
| Total time        | 22.41 seconds |
+-------------------+---------------+

Removing 3486 unintegrated reflections of 23112 total
Saving 19626 reflections to integrated.refl
Saving the experiments to integrated.expt
