DIALS (2018) Acta Cryst. D74, 85-97. https://doi.org/10.1107/S2059798317017235
DIALS 3.30
The following parameters have been modified:

input {
  experiments = indexed.expt
  reflections = indexed.refl
}

Configuring refiner
Setting outlier.nproc=16

Summary statistics for 924 observations matched to predictions:
+-------------------+--------+----------+------------+---------+-------+
|                   |    Min |       Q1 |        Med |      Q3 |   Max |
|-------------------+--------+----------+------------+---------+-------|
| Xc - Xo (mm)      | -1.098 |  -0.1194 |  -0.002514 |   0.128 | 1.176 |
| Yc - Yo (mm)      | -1.462 | -0.05739 | -0.0005925 | 0.05263 | 1.401 |
| Phic - Phio (deg) | -4.271 | -0.07267 | -0.0009854 | 0.08413 |  3.49 |
| X weights         |  264.2 |    361.1 |      381.2 |   393.8 | 405.6 |
| Y weights         |  345.4 |    393.3 |        400 |   403.8 | 405.6 |
| Phi weights       |  268.3 |    293.9 |      298.4 |     300 |   300 |
+-------------------+--------+----------+------------+---------+-------+

Detecting centroid outliers using the MCD algorithm
236 reflections have been flagged as outliers
688 reflections remain in the manager

Summary statistics for 688 observations matched to predictions:
+-------------------+---------+----------+------------+---------+--------+
|                   |     Min |       Q1 |        Med |      Q3 |    Max |
|-------------------+---------+----------+------------+---------+--------|
| Xc - Xo (mm)      | -0.5074 | -0.09753 | -0.0005292 |  0.1117 | 0.5122 |
| Yc - Yo (mm)      | -0.1795 | -0.04282 |   0.001493 | 0.04014 | 0.1506 |
| Phic - Phio (deg) | -0.2649 | -0.05432 |  -0.001351 |    0.06 |  0.259 |
| X weights         |   264.2 |    358.4 |        378 |   392.8 |  405.4 |
| Y weights         |   345.4 |    393.9 |      400.5 |     404 |  405.6 |
| Phi weights       |   269.9 |    295.2 |      298.8 |     300 |    300 |
+-------------------+---------+----------+------------+---------+--------+

There are 16 parameters to refine against 688 reflections in 3 dimensions
Performing refinement of a single Experiment...

Refinement steps:
+--------+--------+----------+----------+------------+
|   Step |   Nref |   RMSD_X |   RMSD_Y |   RMSD_Phi |
|        |        |     (mm) |     (mm) |      (deg) |
|--------+--------+----------+----------+------------|
|      0 |    688 |  0.15584 | 0.057865 |   0.088444 |
|      1 |    688 |  0.15555 | 0.057834 |   0.088454 |
|      2 |    688 |  0.15536 | 0.05797  |   0.088529 |
|      3 |    688 |  0.15517 | 0.058109 |   0.088657 |
|      4 |    688 |  0.15507 | 0.058138 |   0.088768 |
|      5 |    688 |  0.155   | 0.058142 |   0.088831 |
|      6 |    688 |  0.1549  | 0.058204 |   0.088875 |
|      7 |    688 |  0.15483 | 0.058289 |   0.088903 |
|      8 |    688 |  0.15481 | 0.058329 |   0.08891  |
|      9 |    688 |  0.15481 | 0.058335 |   0.08891  |
|     10 |    688 |  0.15481 | 0.058335 |   0.08891  |
+--------+--------+----------+----------+------------+
RMSD no longer decreasing

RMSDs by experiment:
+-------+--------+----------+----------+------------+
|   Exp |   Nref |   RMSD_X |   RMSD_Y |     RMSD_Z |
|    id |        |     (px) |     (px) |   (images) |
|-------+--------+----------+----------+------------|
|     0 |    688 |  0.90005 |  0.33916 |    0.44455 |
+-------+--------+----------+----------+------------+
Updating predictions for indexed reflections

Scan-varying refinement
Configuring refiner

Summary statistics for 925 observations matched to predictions:
+-------------------+--------+----------+-----------+---------+-------+
|                   |    Min |       Q1 |       Med |      Q3 |   Max |
|-------------------+--------+----------+-----------+---------+-------|
| Xc - Xo (mm)      | -1.089 |   -0.121 | -0.006348 |  0.1205 | 1.171 |
| Yc - Yo (mm)      | -1.445 |   -0.059 |  0.001597 | 0.05238 |  1.41 |
| Phic - Phio (deg) | -4.281 | -0.07682 | -0.002717 | 0.08361 | 3.475 |
| X weights         |  264.2 |    361.2 |     381.2 |   393.8 | 405.6 |
| Y weights         |  345.4 |    393.3 |       400 |   403.8 | 405.6 |
| Phi weights       |  268.3 |    293.9 |     298.4 |     300 |   300 |
+-------------------+--------+----------+-----------+---------+-------+

Detecting centroid outliers using the MCD algorithm
237 reflections have been flagged as outliers
688 reflections remain in the manager

Summary statistics for 688 observations matched to predictions:
+-------------------+---------+----------+-----------+---------+--------+
|                   |     Min |       Q1 |       Med |      Q3 |    Max |
|-------------------+---------+----------+-----------+---------+--------|
| Xc - Xo (mm)      | -0.4598 | -0.09778 | -0.001776 |  0.1072 | 0.4875 |
| Yc - Yo (mm)      | -0.1777 | -0.04156 |  0.003118 | 0.04033 |  0.154 |
| Phic - Phio (deg) | -0.2725 | -0.05855 | -0.003811 | 0.05747 | 0.2649 |
| X weights         |   264.2 |    358.4 |     378.1 |   392.9 |  405.4 |
| Y weights         |   345.4 |    393.9 |     400.5 |     404 |  405.6 |
| Phi weights       |   269.9 |    295.2 |     298.7 |     300 |    300 |
+-------------------+---------+----------+-----------+---------+--------+

There are 25 parameters to refine against 688 reflections in 3 dimensions
Performing refinement of a single Experiment...

Refinement steps:
+--------+--------+----------+----------+------------+
|   Step |   Nref |   RMSD_X |   RMSD_Y |   RMSD_Phi |
|        |        |     (mm) |     (mm) |      (deg) |
|--------+--------+----------+----------+------------|
|      0 |    688 |  0.15274 | 0.058341 |   0.088884 |
|      1 |    688 |  0.15247 | 0.057588 |   0.088716 |
|      2 |    688 |  0.15233 | 0.05738  |   0.088707 |
|      3 |    688 |  0.15208 | 0.057135 |   0.088736 |
|      4 |    688 |  0.15182 | 0.056867 |   0.088809 |
|      5 |    688 |  0.15164 | 0.056703 |   0.0889   |
|      6 |    688 |  0.15154 | 0.056704 |   0.088973 |
|      7 |    688 |  0.1515  | 0.056726 |   0.088984 |
|      8 |    688 |  0.15147 | 0.056729 |   0.088942 |
|      9 |    688 |  0.15141 | 0.056747 |   0.088858 |
|     10 |    688 |  0.15133 | 0.056795 |   0.088804 |
|     11 |    688 |  0.15128 | 0.056756 |   0.088809 |
|     12 |    688 |  0.15124 | 0.056761 |   0.08885  |
|     13 |    688 |  0.15122 | 0.05676  |   0.088876 |
|     14 |    688 |  0.15122 | 0.056762 |   0.088886 |
|     15 |    688 |  0.15122 | 0.056762 |   0.088885 |
+--------+--------+----------+----------+------------+
RMSD no longer decreasing

RMSDs by experiment:
+-------+--------+----------+----------+------------+
|   Exp |   Nref |   RMSD_X |   RMSD_Y |     RMSD_Z |
|    id |        |     (px) |     (px) |   (images) |
|-------+--------+----------+----------+------------|
|     0 |    688 |  0.87918 |  0.33001 |    0.44443 |
+-------+--------+----------+----------+------------+
Updating predictions for indexed reflections

Final refined crystal model:
Crystal:
    Unit cell: 44.54(6), 53.07(5), 62.53(9), 115.36(3), 101.67(5), 89.87(3)
    Space group: P 1
    U matrix:  {{-0.046960,  0.998746, -0.017356},
                { 0.741636,  0.046501,  0.669188},
                { 0.669156,  0.018553, -0.742890}}
    B matrix:  {{ 0.022452,  0.000000,  0.000000},
                {-0.000050,  0.018842,  0.000000},
                { 0.005131,  0.009150,  0.018153}}
    A = UB:    {{-0.001193,  0.018660, -0.000315},
                { 0.020082,  0.007000,  0.012148},
                { 0.011212, -0.006448, -0.013486}}
    A sampled at 61 scan points
Saving refined experiments to refined.expt
Saving reflections with updated predictions to refined.refl
