DIALS (2018) Acta Cryst. D74, 85-97. https://doi.org/10.1107/S2059798317017235
DIALS 3.30
The following parameters have been modified:

input {
  experiments = imported.expt
  reflections = strong.refl
}

Found max_cell: 113.5 Angstrom
Setting d_min: 2.22
FFT gridding: (256,256,256)
Number of centroids used: 1464
Candidate solutions:
+------------------------------------+----------+----------------+------------+-------------+-------------------+-----------+-----------------+-----------------+
| unit_cell                          |   volume |   volume score |   #indexed |   % indexed |   % indexed score |   rmsd_xy |   rmsd_xy score |   overall score |
|------------------------------------+----------+----------------+------------+-------------+-------------------+-----------+-----------------+-----------------|
| 44.82 53.43 61.58 115.0 101.4 90.5 |   130329 |           0.01 |        926 |          60 |              0    |      0.31 |            0    |            0.01 |
| 45.67 53.34 61.58 114.3 101.9 91.3 |   132770 |           0.03 |        914 |          59 |              0.02 |      0.35 |            0.18 |            0.24 |
| 45.98 53.47 60.56 114.2 101.5 91.8 |   131973 |           0.02 |        865 |          56 |              0.1  |      0.34 |            0.14 |            0.27 |
| 45.58 53.33 61.49 114.4 102.0 91.2 |   132242 |           0.03 |        923 |          60 |              0    |      0.36 |            0.24 |            0.27 |
| 45.64 53.39 61.58 114.5 101.7 91.3 |   132724 |           0.03 |        906 |          59 |              0.03 |      0.35 |            0.21 |            0.27 |
| 45.66 53.29 61.33 114.2 102.1 91.3 |   132086 |           0.03 |        919 |          59 |              0.01 |      0.36 |            0.24 |            0.28 |
| 45.70 53.21 60.76 113.7 101.3 92.1 |   131516 |           0.02 |        858 |          56 |              0.11 |      0.34 |            0.16 |            0.29 |
| 45.98 53.47 61.58 113.7 102.4 91.8 |   134169 |           0.05 |        903 |          58 |              0.04 |      0.35 |            0.22 |            0.3  |
| 45.55 53.21 60.98 113.8 101.4 92.0 |   131491 |           0.02 |        857 |          55 |              0.11 |      0.35 |            0.18 |            0.31 |
| 45.98 53.47 60.95 114.0 102.3 91.8 |   132541 |           0.03 |        901 |          58 |              0.04 |      0.37 |            0.26 |            0.33 |
| 45.64 53.21 60.80 113.8 101.3 92.0 |   131418 |           0.02 |        864 |          56 |              0.1  |      0.36 |            0.22 |            0.34 |
| 45.67 53.21 60.93 113.8 101.4 92.0 |   131721 |           0.02 |        866 |          56 |              0.1  |      0.36 |            0.22 |            0.34 |
| 45.98 53.21 60.56 114.1 101.5 92.1 |   131318 |           0.02 |        838 |          54 |              0.14 |      0.35 |            0.19 |            0.35 |
| 45.58 53.21 60.76 113.7 101.4 92.0 |   131119 |           0.02 |        879 |          57 |              0.08 |      0.37 |            0.26 |            0.35 |
| 45.98 53.47 60.41 114.4 102.0 91.8 |   131121 |           0.02 |        875 |          57 |              0.08 |      0.37 |            0.27 |            0.36 |
| 45.98 53.47 60.20 114.7 101.8 91.8 |   130435 |           0.01 |        860 |          56 |              0.11 |      0.36 |            0.26 |            0.37 |
| 45.70 53.44 61.58 114.5 101.7 91.5 |   133008 |           0.04 |        885 |          57 |              0.07 |      0.37 |            0.28 |            0.38 |
| 45.66 53.21 60.76 113.7 101.6 91.9 |   131256 |           0.02 |        879 |          57 |              0.08 |      0.37 |            0.28 |            0.38 |
| 45.98 53.21 60.01 114.4 101.5 92.1 |   129752 |           0    |        836 |          54 |              0.15 |      0.36 |            0.23 |            0.38 |
| 45.98 53.47 60.73 113.9 101.6 91.8 |   132615 |           0.03 |        870 |          56 |              0.09 |      0.37 |            0.27 |            0.39 |
| 45.32 53.21 60.73 113.8 101.0 92.1 |   130487 |           0.01 |        853 |          55 |              0.12 |      0.37 |            0.27 |            0.4  |
| 45.98 53.21 60.76 113.7 102.0 92.1 |   131847 |           0.02 |        870 |          56 |              0.09 |      0.37 |            0.29 |            0.4  |
| 45.98 53.21 60.21 114.1 101.7 92.1 |   130434 |           0.01 |        853 |          55 |              0.12 |      0.37 |            0.28 |            0.41 |
| 45.41 53.21 60.76 113.7 101.9 91.8 |   130391 |           0.01 |        868 |          56 |              0.09 |      0.38 |            0.31 |            0.41 |
| 46.29 53.21 61.58 113.6 102.6 91.8 |   134428 |           0.05 |        856 |          55 |              0.11 |      0.37 |            0.26 |            0.42 |
| 46.29 53.21 60.76 113.7 102.2 91.8 |   132761 |           0.03 |        849 |          55 |              0.13 |      0.37 |            0.28 |            0.44 |
| 45.96 53.21 60.73 113.8 101.0 92.0 |   132341 |           0.03 |        810 |          52 |              0.19 |      0.36 |            0.22 |            0.44 |
| 45.98 53.21 61.39 113.4 102.2 92.1 |   133466 |           0.04 |        868 |          56 |              0.09 |      0.39 |            0.34 |            0.47 |
| 45.98 53.21 60.73 113.8 101.6 92.1 |   131956 |           0.02 |        849 |          55 |              0.13 |      0.39 |            0.34 |            0.49 |
| 46.29 53.21 60.02 113.9 101.6 91.8 |   131302 |           0.02 |        813 |          53 |              0.19 |      0.38 |            0.3  |            0.5  |
| 45.98 53.30 60.73 113.0 101.6 92.9 |   132807 |           0.03 |        815 |          53 |              0.18 |      0.4  |            0.4  |            0.61 |
| 45.98 53.56 60.56 113.0 101.5 93.0 |   133078 |           0.04 |        792 |          51 |              0.23 |      0.4  |            0.38 |            0.64 |
| 46.29 53.21 59.63 114.1 101.2 91.8 |   130578 |           0.01 |        781 |          51 |              0.25 |      0.4  |            0.4  |            0.65 |
| 45.98 53.16 61.22 113.3 102.0 92.4 |   133164 |           0.04 |        831 |          54 |              0.16 |      0.42 |            0.46 |            0.66 |
| 45.58 53.26 60.67 113.7 101.1 92.4 |   131178 |           0.02 |        812 |          53 |              0.19 |      0.43 |            0.48 |            0.69 |
| 45.64 53.20 60.73 113.7 101.0 92.4 |   131366 |           0.02 |        804 |          52 |              0.2  |      0.43 |            0.49 |            0.71 |
| 45.70 53.26 60.73 113.7 100.9 92.5 |   131642 |           0.02 |        784 |          51 |              0.24 |      0.44 |            0.51 |            0.77 |
| 45.58 53.26 60.73 113.7 101.1 92.4 |   131247 |           0.02 |        794 |          51 |              0.22 |      0.46 |            0.59 |            0.83 |
| 46.67 53.26 60.73 113.7 101.7 92.3 |   134026 |           0.05 |        741 |          48 |              0.32 |      0.43 |            0.48 |            0.85 |
| 45.98 53.26 60.73 113.7 101.6 92.6 |   131980 |           0.02 |        793 |          51 |              0.22 |      0.47 |            0.61 |            0.86 |
| 45.98 53.15 60.56 114.8 101.5 92.1 |   130417 |           0.01 |        771 |          50 |              0.26 |      0.46 |            0.59 |            0.86 |
| 45.66 53.32 60.94 113.9 101.3 92.2 |   131787 |           0.02 |        800 |          52 |              0.21 |      0.47 |            0.63 |            0.87 |
| 45.98 53.51 60.56 113.8 101.5 92.7 |   132244 |           0.03 |        774 |          50 |              0.26 |      0.46 |            0.58 |            0.87 |
| 45.98 53.36 60.56 114.5 101.5 92.3 |   131255 |           0.02 |        774 |          50 |              0.26 |      0.47 |            0.61 |            0.89 |
| 45.98 53.12 61.22 114.0 102.0 92.1 |   132340 |           0.03 |        801 |          52 |              0.21 |      0.48 |            0.65 |            0.89 |
| 45.98 53.11 60.73 114.5 101.6 92.1 |   130996 |           0.01 |        778 |          50 |              0.25 |      0.48 |            0.65 |            0.91 |
| 45.58 53.36 61.10 114.1 101.2 92.2 |   131939 |           0.02 |        791 |          51 |              0.23 |      0.49 |            0.67 |            0.93 |
| 45.64 53.36 61.15 114.1 101.0 92.2 |   132238 |           0.03 |        775 |          50 |              0.26 |      0.48 |            0.65 |            0.94 |
| 45.98 52.99 61.22 114.8 102.0 91.7 |   131356 |           0.02 |        770 |          50 |              0.27 |      0.5  |            0.7  |            0.99 |
| 45.70 53.47 61.19 114.2 100.9 92.4 |   132697 |           0.03 |        738 |          48 |              0.33 |      0.52 |            0.77 |            1.13 |
+------------------------------------+----------+----------------+------------+-------------+-------------------+-----------+-----------------+-----------------+
Using d_min_step 0.1

Indexed crystal models:
model 1 (926 reflections):
Crystal:
    Unit cell: 44.818, 53.427, 61.584, 114.969, 101.392, 90.533
    Space group: P 1
    U matrix:  {{-0.034890,  0.999197, -0.019684},
                { 0.736526,  0.039021,  0.675282},
                { 0.675508,  0.009063, -0.737297}}
    B matrix:  {{ 0.022313,  0.000000,  0.000000},
                { 0.000207,  0.018718,  0.000000},
                { 0.005086,  0.008979,  0.018372}}
    A = UB:    {{-0.000671,  0.018526, -0.000362},
                { 0.019876,  0.006794,  0.012406},
                { 0.011325, -0.006450, -0.013545}}
+------------+-------------+---------------+---------------+-------------+
|   Imageset |   # indexed |   # unindexed |   # unindexed |   % indexed |
|            |             |         total |       non-ice |             |
|------------+-------------+---------------+---------------+-------------|
|          0 |         926 |           619 |           522 |        59.9 |
+------------+-------------+---------------+---------------+-------------+

################################################################################
Starting refinement (macro-cycle 1)
################################################################################


Summary statistics for 915 observations matched to predictions:
+-------------------+--------+---------+---------+----------+-------+
|                   |    Min |      Q1 |     Med |       Q3 |   Max |
|-------------------+--------+---------+---------+----------+-------|
| Xc - Xo (mm)      | -1.181 |  -0.297 |  -0.148 |  0.01956 | 1.091 |
| Yc - Yo (mm)      | -1.995 | -0.3477 | -0.2108 |  0.05408 | 1.249 |
| Phic - Phio (deg) | -6.275 | -0.2526 |   -0.13 | -0.03693 | 3.683 |
| X weights         |  264.2 |   362.2 |   381.1 |    393.6 | 405.6 |
| Y weights         |  345.4 |   393.3 |   400.1 |    403.9 | 405.6 |
| Phi weights       |  268.3 |   293.9 |   298.4 |      300 |   300 |
+-------------------+--------+---------+---------+----------+-------+

Detecting centroid outliers using the Tukey algorithm
200 reflections have been flagged as outliers
715 reflections remain in the manager

Summary statistics for 715 observations matched to predictions:
+-------------------+---------+---------+---------+----------+--------+
|                   |     Min |      Q1 |     Med |       Q3 |    Max |
|-------------------+---------+---------+---------+----------+--------|
| Xc - Xo (mm)      | -0.7633 |  -0.278 | -0.1462 | 0.007631 | 0.4742 |
| Yc - Yo (mm)      | -0.9444 | -0.3365 | -0.2305 |  0.01272 | 0.6041 |
| Phic - Phio (deg) | -0.5636 | -0.2151 | -0.1288 | -0.06149 | 0.2828 |
| X weights         |   264.2 |   359.1 |   379.1 |    392.7 |  405.6 |
| Y weights         |   345.4 |   393.8 |   400.7 |      404 |  405.6 |
| Phi weights       |   269.9 |   295.2 |   298.8 |      300 |    300 |
+-------------------+---------+---------+---------+----------+--------+

There are 16 parameters to refine against 715 reflections in 3 dimensions

Refinement steps:
+--------+--------+----------+----------+------------+
|   Step |   Nref |   RMSD_X |   RMSD_Y |   RMSD_Phi |
|        |        |     (mm) |     (mm) |      (deg) |
|--------+--------+----------+----------+------------|
|      0 |    715 |  0.25351 |  0.29544 |    0.20539 |
|      1 |    715 |  0.19722 |  0.12417 |    0.14101 |
|      2 |    715 |  0.19166 |  0.11843 |    0.13228 |
|      3 |    715 |  0.18686 |  0.11612 |    0.13023 |
|      4 |    715 |  0.18524 |  0.114   |    0.13139 |
|      5 |    715 |  0.18514 |  0.11295 |    0.13223 |
|      6 |    715 |  0.18517 |  0.11271 |    0.13241 |
|      7 |    715 |  0.18517 |  0.11269 |    0.13241 |
|      8 |    715 |  0.18518 |  0.1127  |    0.13241 |
+--------+--------+----------+----------+------------+
RMSD no longer decreasing

RMSDs by experiment:
+-------+--------+----------+----------+------------+
|   Exp |   Nref |   RMSD_X |   RMSD_Y |     RMSD_Z |
|    id |        |     (px) |     (px) |   (images) |
|-------+--------+----------+----------+------------|
|     0 |    715 |   1.0766 |  0.65521 |    0.66203 |
+-------+--------+----------+----------+------------+

Refined crystal models:
model 1 (926 reflections):
Crystal:
    Unit cell: 44.93(8), 53.42(7), 62.67(12), 115.20(5), 101.72(7), 90.06(4)
    Space group: P 1
    U matrix:  {{-0.035865,  0.999264, -0.013632},
                { 0.740186,  0.035726,  0.671452},
                { 0.671445,  0.013992, -0.740923}}
    B matrix:  {{ 0.022257,  0.000000,  0.000000},
                { 0.000023,  0.018718,  0.000000},
                { 0.005139,  0.009042,  0.018100}}
    A = UB:    {{-0.000846,  0.018581, -0.000247},
                { 0.019925,  0.006740,  0.012153},
                { 0.011137, -0.006438, -0.013410}}
+------------+-------------+---------------+---------------+-------------+
|   Imageset |   # indexed |   # unindexed |   # unindexed |   % indexed |
|            |             |         total |       non-ice |             |
|------------+-------------+---------------+---------------+-------------|
|          0 |         926 |           619 |           522 |        59.9 |
+------------+-------------+---------------+---------------+-------------+
Increasing resolution to 2.15 Angstrom

Indexed crystal models:
model 1 (926 reflections):
Crystal:
    Unit cell: 44.93(8), 53.42(7), 62.67(12), 115.20(5), 101.72(7), 90.06(4)
    Space group: P 1
    U matrix:  {{-0.035865,  0.999264, -0.013632},
                { 0.740186,  0.035726,  0.671452},
                { 0.671445,  0.013992, -0.740923}}
    B matrix:  {{ 0.022257,  0.000000,  0.000000},
                { 0.000023,  0.018718,  0.000000},
                { 0.005139,  0.009042,  0.018100}}
    A = UB:    {{-0.000846,  0.018581, -0.000247},
                { 0.019925,  0.006740,  0.012153},
                { 0.011137, -0.006438, -0.013410}}
+------------+-------------+---------------+---------------+-------------+
|   Imageset |   # indexed |   # unindexed |   # unindexed |   % indexed |
|            |             |         total |       non-ice |             |
|------------+-------------+---------------+---------------+-------------|
|          0 |         969 |           584 |           484 |        62.4 |
+------------+-------------+---------------+---------------+-------------+

################################################################################
Starting refinement (macro-cycle 2)
################################################################################


Summary statistics for 915 observations matched to predictions:
+-------------------+--------+----------+----------+---------+-------+
|                   |    Min |       Q1 |      Med |      Q3 |   Max |
|-------------------+--------+----------+----------+---------+-------|
| Xc - Xo (mm)      | -1.143 |  -0.1229 | -0.01187 |   0.114 | 1.173 |
| Yc - Yo (mm)      | -1.633 | -0.04913 |  0.01059 |  0.0665 | 1.656 |
| Phic - Phio (deg) | -4.993 | -0.07965 | 0.005077 | 0.08365 | 4.112 |
| X weights         |  264.2 |      362 |      381 |   393.8 | 405.6 |
| Y weights         |  345.4 |    393.3 |    400.2 |   403.9 | 405.6 |
| Phi weights       |  268.3 |    293.9 |    298.4 |     300 |   300 |
+-------------------+--------+----------+----------+---------+-------+

Detecting centroid outliers using the Tukey algorithm
211 reflections have been flagged as outliers
704 reflections remain in the manager

Summary statistics for 704 observations matched to predictions:
+-------------------+---------+----------+-----------+---------+--------+
|                   |     Min |       Q1 |       Med |      Q3 |    Max |
|-------------------+---------+----------+-----------+---------+--------|
| Xc - Xo (mm)      | -0.4733 | -0.09895 | -0.009316 |   0.102 | 0.4681 |
| Yc - Yo (mm)      | -0.2082 | -0.03598 |   0.01041 | 0.05253 | 0.2106 |
| Phic - Phio (deg) |  -0.318 |  -0.0493 |  0.004632 | 0.06085 | 0.3212 |
| X weights         |   264.2 |    358.7 |     378.7 |   392.9 |  405.4 |
| Y weights         |   345.4 |    394.1 |     400.7 |     404 |  405.6 |
| Phi weights       |   269.9 |    295.2 |     298.8 |     300 |    300 |
+-------------------+---------+----------+-----------+---------+--------+

There are 16 parameters to refine against 704 reflections in 3 dimensions

Refinement steps:
+--------+--------+----------+----------+------------+
|   Step |   Nref |   RMSD_X |   RMSD_Y |   RMSD_Phi |
|        |        |     (mm) |     (mm) |      (deg) |
|--------+--------+----------+----------+------------|
|      0 |    704 |  0.16656 | 0.072223 |    0.11205 |
|      1 |    704 |  0.16495 | 0.070024 |    0.1024  |
|      2 |    704 |  0.16456 | 0.0694   |    0.1025  |
|      3 |    704 |  0.16422 | 0.068594 |    0.10272 |
|      4 |    704 |  0.16413 | 0.067557 |    0.10296 |
|      5 |    704 |  0.16416 | 0.06686  |    0.1032  |
|      6 |    704 |  0.16415 | 0.06667  |    0.10328 |
|      7 |    704 |  0.16412 | 0.066654 |    0.10328 |
|      8 |    704 |  0.16411 | 0.066656 |    0.10329 |
+--------+--------+----------+----------+------------+
RMSD no longer decreasing

RMSDs by experiment:
+-------+--------+----------+----------+------------+
|   Exp |   Nref |   RMSD_X |   RMSD_Y |     RMSD_Z |
|    id |        |     (px) |     (px) |   (images) |
|-------+--------+----------+----------+------------|
|     0 |    704 |  0.95415 |  0.38753 |    0.51645 |
+-------+--------+----------+----------+------------+

Refined crystal models:
model 1 (926 reflections):
Crystal:
    Unit cell: 44.71(7), 53.24(5), 62.60(10), 115.33(4), 101.69(5), 89.92(3)
    Space group: P 1
    U matrix:  {{-0.037699,  0.999191, -0.014033},
                { 0.741177,  0.037378,  0.670269},
                { 0.670251,  0.014868, -0.741986}}
    B matrix:  {{ 0.022364,  0.000000,  0.000000},
                {-0.000033,  0.018784,  0.000000},
                { 0.005129,  0.009114,  0.018132}}
    A = UB:    {{-0.000948,  0.018641, -0.000254},
                { 0.020013,  0.006811,  0.012154},
                { 0.011183, -0.006483, -0.013454}}
+------------+-------------+---------------+---------------+-------------+
|   Imageset |   # indexed |   # unindexed |   # unindexed |   % indexed |
|            |             |         total |       non-ice |             |
|------------+-------------+---------------+---------------+-------------|
|          0 |         926 |           627 |           518 |        59.6 |
+------------+-------------+---------------+---------------+-------------+
Increasing resolution to 2.08 Angstrom

Indexed crystal models:
model 1 (926 reflections):
Crystal:
    Unit cell: 44.71(7), 53.24(5), 62.60(10), 115.33(4), 101.69(5), 89.92(3)
    Space group: P 1
    U matrix:  {{-0.037699,  0.999191, -0.014033},
                { 0.741177,  0.037378,  0.670269},
                { 0.670251,  0.014868, -0.741986}}
    B matrix:  {{ 0.022364,  0.000000,  0.000000},
                {-0.000033,  0.018784,  0.000000},
                { 0.005129,  0.009114,  0.018132}}
    A = UB:    {{-0.000948,  0.018641, -0.000254},
                { 0.020013,  0.006811,  0.012154},
                { 0.011183, -0.006483, -0.013454}}
+------------+-------------+---------------+---------------+-------------+
|   Imageset |   # indexed |   # unindexed |   # unindexed |   % indexed |
|            |             |         total |       non-ice |             |
|------------+-------------+---------------+---------------+-------------|
|          0 |         941 |           613 |           511 |        60.6 |
+------------+-------------+---------------+---------------+-------------+

################################################################################
Starting refinement (macro-cycle 3)
################################################################################


Summary statistics for 915 observations matched to predictions:
+-------------------+--------+----------+-----------+---------+-------+
|                   |    Min |       Q1 |       Med |      Q3 |   Max |
|-------------------+--------+----------+-----------+---------+-------|
| Xc - Xo (mm)      | -1.087 |  -0.1174 | -0.008926 |  0.1217 | 1.174 |
| Yc - Yo (mm)      | -1.546 | -0.05074 |  0.006984 | 0.05939 | 1.555 |
| Phic - Phio (deg) | -5.376 | -0.07359 | 0.0008416 | 0.07909 |  3.69 |
| X weights         |  264.2 |      362 |     381.1 |   393.8 | 405.6 |
| Y weights         |  345.4 |    393.3 |     400.2 |   403.9 | 405.6 |
| Phi weights       |  268.3 |    293.9 |     298.4 |     300 |   300 |
+-------------------+--------+----------+-----------+---------+-------+

Detecting centroid outliers using the Tukey algorithm
200 reflections have been flagged as outliers
715 reflections remain in the manager

Summary statistics for 715 observations matched to predictions:
+-------------------+---------+----------+-----------+---------+--------+
|                   |     Min |       Q1 |       Med |      Q3 |    Max |
|-------------------+---------+----------+-----------+---------+--------|
| Xc - Xo (mm)      | -0.4501 |  -0.1007 | -0.002693 |  0.1109 | 0.4376 |
| Yc - Yo (mm)      | -0.2121 | -0.03392 |  0.008593 | 0.04944 | 0.2184 |
| Phic - Phio (deg) | -0.2921 | -0.05448 | 0.0002421 | 0.05786 |  0.307 |
| X weights         |   264.2 |    359.4 |     379.1 |   392.9 |  405.4 |
| Y weights         |   345.4 |      394 |     400.6 |     404 |  405.6 |
| Phi weights       |   269.9 |    295.1 |     298.7 |     300 |    300 |
+-------------------+---------+----------+-----------+---------+--------+

There are 16 parameters to refine against 715 reflections in 3 dimensions

Refinement steps:
+--------+--------+----------+----------+------------+
|   Step |   Nref |   RMSD_X |   RMSD_Y |   RMSD_Phi |
|        |        |     (mm) |     (mm) |      (deg) |
|--------+--------+----------+----------+------------|
|      0 |    715 |  0.16406 | 0.068039 |   0.10285  |
|      1 |    715 |  0.16337 | 0.066857 |   0.096844 |
|      2 |    715 |  0.16319 | 0.066573 |   0.096766 |
|      3 |    715 |  0.163   | 0.066273 |   0.096844 |
|      4 |    715 |  0.16285 | 0.065982 |   0.096992 |
|      5 |    715 |  0.16274 | 0.065726 |   0.097163 |
|      6 |    715 |  0.1627  | 0.065513 |   0.097214 |
|      7 |    715 |  0.1627  | 0.065368 |   0.097216 |
|      8 |    715 |  0.16271 | 0.065318 |   0.097228 |
|      9 |    715 |  0.16271 | 0.06531  |   0.097232 |
|     10 |    715 |  0.16271 | 0.06531  |   0.097233 |
+--------+--------+----------+----------+------------+
RMSD no longer decreasing

RMSDs by experiment:
+-------+--------+----------+----------+------------+
|   Exp |   Nref |   RMSD_X |   RMSD_Y |     RMSD_Z |
|    id |        |     (px) |     (px) |   (images) |
|-------+--------+----------+----------+------------|
|     0 |    715 |  0.94598 |  0.37971 |    0.48616 |
+-------+--------+----------+----------+------------+

Refined crystal models:
model 1 (926 reflections):
Crystal:
    Unit cell: 44.59(6), 53.13(5), 62.55(10), 115.33(4), 101.68(5), 89.89(3)
    Space group: P 1
    U matrix:  {{-0.040977,  0.999067, -0.013662},
                { 0.741710,  0.039577,  0.669552},
                { 0.669468,  0.017303, -0.742639}}
    B matrix:  {{ 0.022424,  0.000000,  0.000000},
                {-0.000042,  0.018823,  0.000000},
                { 0.005130,  0.009132,  0.018145}}
    A = UB:    {{-0.001031,  0.018680, -0.000248},
                { 0.020065,  0.006859,  0.012149},
                { 0.011202, -0.006456, -0.013475}}
+------------+-------------+---------------+---------------+-------------+
|   Imageset |   # indexed |   # unindexed |   # unindexed |   % indexed |
|            |             |         total |       non-ice |             |
|------------+-------------+---------------+---------------+-------------|
|          0 |         926 |           628 |           525 |        59.6 |
+------------+-------------+---------------+---------------+-------------+
Increasing resolution to 2.02 Angstrom

Indexed crystal models:
model 1 (933 reflections):
Crystal:
    Unit cell: 44.59(6), 53.13(5), 62.55(10), 115.33(4), 101.68(5), 89.89(3)
    Space group: P 1
    U matrix:  {{-0.040977,  0.999067, -0.013662},
                { 0.741710,  0.039577,  0.669552},
                { 0.669468,  0.017303, -0.742639}}
    B matrix:  {{ 0.022424,  0.000000,  0.000000},
                {-0.000042,  0.018823,  0.000000},
                { 0.005130,  0.009132,  0.018145}}
    A = UB:    {{-0.001031,  0.018680, -0.000248},
                { 0.020065,  0.006859,  0.012149},
                { 0.011202, -0.006456, -0.013475}}
+------------+-------------+---------------+---------------+-------------+
|   Imageset |   # indexed |   # unindexed |   # unindexed |   % indexed |
|            |             |         total |       non-ice |             |
|------------+-------------+---------------+---------------+-------------|
|          0 |         946 |           615 |           514 |        60.6 |
+------------+-------------+---------------+---------------+-------------+

################################################################################
Starting refinement (macro-cycle 4)
################################################################################


Summary statistics for 921 observations matched to predictions:
+-------------------+--------+----------+-----------+---------+-------+
|                   |    Min |       Q1 |       Med |      Q3 |   Max |
|-------------------+--------+----------+-----------+---------+-------|
| Xc - Xo (mm)      | -1.082 |    -0.12 | -0.009171 |  0.1256 | 1.175 |
| Yc - Yo (mm)      | -1.468 |  -0.0545 |  0.003514 | 0.05437 | 1.476 |
| Phic - Phio (deg) | -3.745 | -0.07084 |  0.001589 | 0.08439 | 3.497 |
| X weights         |  264.2 |    361.9 |     381.3 |   393.8 | 405.6 |
| Y weights         |  345.4 |    393.3 |     400.1 |   403.8 | 405.6 |
| Phi weights       |  268.3 |    293.9 |     298.3 |     300 |   300 |
+-------------------+--------+----------+-----------+---------+-------+

Detecting centroid outliers using the Tukey algorithm
186 reflections have been flagged as outliers
735 reflections remain in the manager

Summary statistics for 735 observations matched to predictions:
+-------------------+---------+----------+------------+---------+--------+
|                   |     Min |       Q1 |        Med |      Q3 |    Max |
|-------------------+---------+----------+------------+---------+--------|
| Xc - Xo (mm)      | -0.4858 |  -0.1115 |  -0.008231 |  0.1091 | 0.4673 |
| Yc - Yo (mm)      | -0.2151 | -0.03895 |   0.004582 | 0.04391 | 0.2153 |
| Phic - Phio (deg) |  -0.297 | -0.05581 | -0.0006601 | 0.05897 | 0.3005 |
| X weights         |   264.2 |    358.7 |      378.6 |   392.9 |  405.4 |
| Y weights         |   345.4 |    393.9 |      400.3 |   403.9 |  405.6 |
| Phi weights       |   269.9 |    295.1 |      298.7 |     300 |    300 |
+-------------------+---------+----------+------------+---------+--------+

There are 16 parameters to refine against 735 reflections in 3 dimensions

Refinement steps:
+--------+--------+----------+----------+------------+
|   Step |   Nref |   RMSD_X |   RMSD_Y |   RMSD_Phi |
|        |        |     (mm) |     (mm) |      (deg) |
|--------+--------+----------+----------+------------|
|      0 |    735 |  0.16575 | 0.067483 |   0.09766  |
|      1 |    735 |  0.16562 | 0.066551 |   0.096322 |
|      2 |    735 |  0.16555 | 0.066528 |   0.096301 |
|      3 |    735 |  0.16549 | 0.066507 |   0.096257 |
|      4 |    735 |  0.16542 | 0.06645  |   0.096226 |
|      5 |    735 |  0.16535 | 0.066299 |   0.096187 |
|      6 |    735 |  0.16529 | 0.066067 |   0.096102 |
|      7 |    735 |  0.16527 | 0.065875 |   0.096083 |
|      8 |    735 |  0.16528 | 0.065804 |   0.096106 |
|      9 |    735 |  0.16528 | 0.065793 |   0.096112 |
|     10 |    735 |  0.16528 | 0.065793 |   0.096112 |
+--------+--------+----------+----------+------------+
RMSD no longer decreasing

RMSDs by experiment:
+-------+--------+----------+----------+------------+
|   Exp |   Nref |   RMSD_X |   RMSD_Y |     RMSD_Z |
|    id |        |     (px) |     (px) |   (images) |
|-------+--------+----------+----------+------------|
|     0 |    735 |  0.96092 |  0.38252 |    0.48056 |
+-------+--------+----------+----------+------------+

Refined crystal models:
model 1 (933 reflections):
Crystal:
    Unit cell: 44.56(6), 53.09(5), 62.51(9), 115.28(3), 101.66(5), 89.94(3)
    Space group: P 1
    U matrix:  {{-0.045516,  0.998851, -0.015016},
                { 0.741677,  0.043859,  0.669322},
                { 0.669211,  0.019327, -0.742821}}
    B matrix:  {{ 0.022442,  0.000000,  0.000000},
                {-0.000022,  0.018836,  0.000000},
                { 0.005135,  0.009121,  0.018149}}
    A = UB:    {{-0.001120,  0.018678, -0.000273},
                { 0.020081,  0.006931,  0.012147},
                { 0.011204, -0.006411, -0.013481}}
+------------+-------------+---------------+---------------+-------------+
|   Imageset |   # indexed |   # unindexed |   # unindexed |   % indexed |
|            |             |         total |       non-ice |             |
|------------+-------------+---------------+---------------+-------------|
|          0 |         933 |           628 |           523 |        59.8 |
+------------+-------------+---------------+---------------+-------------+
Increasing resolution to 1.95 Angstrom

Indexed crystal models:
model 1 (936 reflections):
Crystal:
    Unit cell: 44.56(6), 53.09(5), 62.51(9), 115.28(3), 101.66(5), 89.94(3)
    Space group: P 1
    U matrix:  {{-0.045516,  0.998851, -0.015016},
                { 0.741677,  0.043859,  0.669322},
                { 0.669211,  0.019327, -0.742821}}
    B matrix:  {{ 0.022442,  0.000000,  0.000000},
                {-0.000022,  0.018836,  0.000000},
                { 0.005135,  0.009121,  0.018149}}
    A = UB:    {{-0.001120,  0.018678, -0.000273},
                { 0.020081,  0.006931,  0.012147},
                { 0.011204, -0.006411, -0.013481}}
+------------+-------------+---------------+---------------+-------------+
|   Imageset |   # indexed |   # unindexed |   # unindexed |   % indexed |
|            |             |         total |       non-ice |             |
|------------+-------------+---------------+---------------+-------------|
|          0 |         937 |           627 |           525 |        59.9 |
+------------+-------------+---------------+---------------+-------------+

################################################################################
Starting refinement (macro-cycle 5)
################################################################################


Summary statistics for 924 observations matched to predictions:
+-------------------+--------+----------+-----------+---------+-------+
|                   |    Min |       Q1 |       Med |      Q3 |   Max |
|-------------------+--------+----------+-----------+---------+-------|
| Xc - Xo (mm)      | -1.094 |  -0.1181 | -0.002169 |  0.1284 | 1.177 |
| Yc - Yo (mm)      | -1.428 | -0.05645 | 0.0001131 |  0.0524 | 1.429 |
| Phic - Phio (deg) | -4.005 | -0.07236 |  0.000325 | 0.08683 | 3.499 |
| X weights         |  264.2 |    361.1 |     381.2 |   393.8 | 405.6 |
| Y weights         |  345.4 |    393.3 |       400 |   403.8 | 405.6 |
| Phi weights       |  268.3 |    293.9 |     298.4 |     300 |   300 |
+-------------------+--------+----------+-----------+---------+-------+

Detecting centroid outliers using the Tukey algorithm
168 reflections have been flagged as outliers
756 reflections remain in the manager

Summary statistics for 756 observations matched to predictions:
+-------------------+---------+----------+------------+---------+--------+
|                   |     Min |       Q1 |        Med |      Q3 |    Max |
|-------------------+---------+----------+------------+---------+--------|
| Xc - Xo (mm)      | -0.4613 |  -0.1104 |  -0.001671 |  0.1134 | 0.4925 |
| Yc - Yo (mm)      | -0.2124 | -0.04426 |    0.00248 | 0.04259 |  0.212 |
| Phic - Phio (deg) | -0.3097 | -0.05867 | -0.0009995 |  0.0621 | 0.3245 |
| X weights         |   264.2 |    358.8 |      378.7 |   392.8 |  405.4 |
| Y weights         |   345.4 |    393.6 |      400.2 |   403.9 |  405.6 |
| Phi weights       |   269.9 |      295 |      298.7 |     300 |    300 |
+-------------------+---------+----------+------------+---------+--------+

There are 16 parameters to refine against 756 reflections in 3 dimensions

Refinement steps:
+--------+--------+----------+----------+------------+
|   Step |   Nref |   RMSD_X |   RMSD_Y |   RMSD_Phi |
|        |        |     (mm) |     (mm) |      (deg) |
|--------+--------+----------+----------+------------|
|      0 |    756 |  0.1657  | 0.068455 |    0.1043  |
|      1 |    756 |  0.16576 | 0.067791 |    0.10342 |
|      2 |    756 |  0.16574 | 0.067829 |    0.10341 |
|      3 |    756 |  0.16573 | 0.067846 |    0.1034  |
|      4 |    756 |  0.1657  | 0.067844 |    0.10338 |
|      5 |    756 |  0.16567 | 0.067814 |    0.10332 |
|      6 |    756 |  0.16564 | 0.067756 |    0.10326 |
|      7 |    756 |  0.16562 | 0.067696 |    0.10327 |
|      8 |    756 |  0.16562 | 0.067668 |    0.10329 |
|      9 |    756 |  0.16562 | 0.067664 |    0.10329 |
+--------+--------+----------+----------+------------+
RMSD no longer decreasing

RMSDs by experiment:
+-------+--------+----------+----------+------------+
|   Exp |   Nref |   RMSD_X |   RMSD_Y |     RMSD_Z |
|    id |        |     (px) |     (px) |   (images) |
|-------+--------+----------+----------+------------|
|     0 |    756 |  0.96289 |  0.39339 |    0.51646 |
+-------+--------+----------+----------+------------+

Refined crystal models:
model 1 (936 reflections):
Crystal:
    Unit cell: 44.56(6), 53.09(5), 62.52(9), 115.29(3), 101.67(5), 89.94(3)
    Space group: P 1
    U matrix:  {{-0.048296,  0.998693, -0.016720},
                { 0.741530,  0.047065,  0.669267},
                { 0.669179,  0.019925, -0.742834}}
    B matrix:  {{ 0.022442,  0.000000,  0.000000},
                {-0.000023,  0.018837,  0.000000},
                { 0.005138,  0.009124,  0.018147}}
    A = UB:    {{-0.001193,  0.018659, -0.000303},
                { 0.020079,  0.006993,  0.012145},
                { 0.011201, -0.006402, -0.013480}}
+------------+-------------+---------------+---------------+-------------+
|   Imageset |   # indexed |   # unindexed |   # unindexed |   % indexed |
|            |             |         total |       non-ice |             |
|------------+-------------+---------------+---------------+-------------|
|          0 |         936 |           628 |           525 |        59.8 |
+------------+-------------+---------------+---------------+-------------+
Saving refined experiments to indexed.expt
Saving refined reflections to indexed.refl
